// Vitest Snapshot v1, https://vitest.dev/guide/snapshot.html

exports[`ProductTileCard Component > matches snapshot 1`] = `
<DocumentFragment>
  <div
    class="card"
    data-testid="product-tile-card"
    id="product-tile-card-1"
    style="width: 18rem;"
  >
    <img
      class="card-img-top"
      height="180"
      width="285"
    />
    <div
      class="card-body"
    >
      <div
        class="card-title h5"
      >
        Fjallraven - Foldsack No. 1 Backpack, Fits 15 Laptops
      </div>
      <p
        class="card-text"
      >
        Your perfect pack for everyday use and walks in the forest. Stash your laptop (up to 15 inches) in the padded sleeve, your everyday
      </p>
    </div>
    <div
      class="card-footer"
    >
      <div
        data-testid="child-component"
      >
        Child Component
      </div>
    </div>
  </div>
</DocumentFragment>
`;
